---
source: src/tests/rendering.rs
expression: "&out"
input_file: src/tests/rendering_inputs/success/inheritance/nested_block.txt
---
DOCSPAGE
