---
source: src/tests/compiler.rs
expression: compiler.chunk
input_file: src/tests/compiler_inputs/success/set_null.txt
---
=== set_null.txt ===
0000 LoadConst(Null)
0001 Set("txt")

