---
source: src/tests/rendering.rs
expression: "&out"
input_file: src/tests/rendering_inputs/success/partial_eq.txt
---
false
true
false
true
true
false

