---
source: src/tests/parser.rs
expression: res.unwrap_err()
input_file: src/tests/parser_inputs/errors/block_in_other_tag.txt
---
error: Blocks cannot be written in a tag other than block or filter section.
  -->   @ 2:3-2:8
