---
source: tera/src/snapshot_tests/rendering.rs
expression: "&err"
input_file: tera/src/snapshot_tests/rendering_inputs/errors/invalid_math_op.txt
---
 Rendering error --> ["invalid_math_op.txt":1:3]
  |
1 | {{ username + 1 }}
  |    ^---
  = Math operations can only be done on numbers, found `undefined`
