---
source: src/tests/parser.rs
expression: Expressions(expr_nodes)
input_file: src/tests/parser_inputs/success/expr/ternary.txt
---
true if truthy else false
1 if (== a b) else null
'a' if (or (> a b) (> a c)) else 'b'

