---
source: tera/src/snapshot_tests/rendering.rs
expression: "&out"
input_file: tera/src/snapshot_tests/rendering_inputs/success/components/arg_not_escaped.txt
---
<p>Some HTML chars & more</p>
