---
source: tera/src/snapshot_tests/rendering.rs
expression: "&err"
input_file: tera/src/snapshot_tests/rendering_inputs/errors/unknown_top_subscript.txt
---
 Rendering error --> [unknown_top_subscript.txt:1:3]
  |
1 | {{ unknown[username] }}
  |    ^---
  = Container is not defined
