---
source: tera/src/snapshot_tests/rendering.rs
expression: "&out"
input_file: tera/src/snapshot_tests/rendering_inputs/success/macros/child_same_namespace.txt
---
Hello/Hi
