---
source: tera/src/snapshot_tests/rendering.rs
expression: "&out"
input_file: tera/src/snapshot_tests/rendering_inputs/success/components/can_use_set_global.txt
---
42 context private to macro
