---
source: src/tests/lexer.rs
expression: "&tokens"
input_file: src/tests/lexer_inputs/success/map.txt
---
[
    TAG_START(false),
    IDENT(set),
    IDENT(value),
    ASSIGN,
    LEFT_BRACE,
    STRING("hello"),
    COLON,
    INTEGER(0),
    COMMA,
    STRING("bob"),
    COLON,
    BOOL(true),
    COMMA,
    STRING("d"),
    COLON,
    IDENT(data),
    RIGHT_BRACE,
    TAG_END(false),
    CONTENT("\n"),
    TAG_START(false),
    IDENT(set),
    IDENT(literal_only),
    ASSIGN,
    LEFT_BRACE,
    STRING("hello"),
    COLON,
    INTEGER(0),
    COMMA,
    STRING("bob"),
    COLON,
    BOOL(true),
    COMMA,
    STRING("d"),
    COLON,
    STRING("data"),
    RIGHT_BRACE,
    TAG_END(false),
]
