---
source: src/tests/lexer.rs
expression: "&tokens"
input_file: src/tests/lexer_inputs/success/empty_comment.txt
---
[
    CONTENT(""),
]
